Archive member included to satisfy reference by file (symbol)

C:/ST/STM32CubeIDE_1.17.0/STM32CubeIDE/plugins/com.st.stm32cube.ide.mcu.externaltools.gnu-tools-for-stm32.13.3.rel1.win32_1.0.0.202411081344/tools/bin/../lib/gcc/arm-none-eabi/13.3.1/../../../../arm-none-eabi/lib/thumb/v6-m/nofp\libc_nano.a(libc_a-exit.o)
                              C:/ST/STM32CubeIDE_1.17.0/STM32CubeIDE/plugins/com.st.stm32cube.ide.mcu.externaltools.gnu-tools-for-stm32.13.3.rel1.win32_1.0.0.202411081344/tools/bin/../lib/gcc/arm-none-eabi/13.3.1/../../../../arm-none-eabi/lib/thumb/v6-m/nofp/crt0.o (exit)
C:/ST/STM32CubeIDE_1.17.0/STM32CubeIDE/plugins/com.st.stm32cube.ide.mcu.externaltools.gnu-tools-for-stm32.13.3.rel1.win32_1.0.0.202411081344/tools/bin/../lib/gcc/arm-none-eabi/13.3.1/../../../../arm-none-eabi/lib/thumb/v6-m/nofp\libc_nano.a(libc_a-findfp.o)
                              C:/ST/STM32CubeIDE_1.17.0/STM32CubeIDE/plugins/com.st.stm32cube.ide.mcu.externaltools.gnu-tools-for-stm32.13.3.rel1.win32_1.0.0.202411081344/tools/bin/../lib/gcc/arm-none-eabi/13.3.1/../../../../arm-none-eabi/lib/thumb/v6-m/nofp\libc_nano.a(libc_a-exit.o) (__stdio_exit_handler)
C:/ST/STM32CubeIDE_1.17.0/STM32CubeIDE/plugins/com.st.stm32cube.ide.mcu.externaltools.gnu-tools-for-stm32.13.3.rel1.win32_1.0.0.202411081344/tools/bin/../lib/gcc/arm-none-eabi/13.3.1/../../../../arm-none-eabi/lib/thumb/v6-m/nofp\libc_nano.a(libc_a-fwalk.o)
                              C:/ST/STM32CubeIDE_1.17.0/STM32CubeIDE/plugins/com.st.stm32cube.ide.mcu.externaltools.gnu-tools-for-stm32.13.3.rel1.win32_1.0.0.202411081344/tools/bin/../lib/gcc/arm-none-eabi/13.3.1/../../../../arm-none-eabi/lib/thumb/v6-m/nofp\libc_nano.a(libc_a-findfp.o) (_fwalk_sglue)
C:/ST/STM32CubeIDE_1.17.0/STM32CubeIDE/plugins/com.st.stm32cube.ide.mcu.externaltools.gnu-tools-for-stm32.13.3.rel1.win32_1.0.0.202411081344/tools/bin/../lib/gcc/arm-none-eabi/13.3.1/../../../../arm-none-eabi/lib/thumb/v6-m/nofp\libc_nano.a(libc_a-stdio.o)
                              C:/ST/STM32CubeIDE_1.17.0/STM32CubeIDE/plugins/com.st.stm32cube.ide.mcu.externaltools.gnu-tools-for-stm32.13.3.rel1.win32_1.0.0.202411081344/tools/bin/../lib/gcc/arm-none-eabi/13.3.1/../../../../arm-none-eabi/lib/thumb/v6-m/nofp\libc_nano.a(libc_a-findfp.o) (__sread)
C:/ST/STM32CubeIDE_1.17.0/STM32CubeIDE/plugins/com.st.stm32cube.ide.mcu.externaltools.gnu-tools-for-stm32.13.3.rel1.win32_1.0.0.202411081344/tools/bin/../lib/gcc/arm-none-eabi/13.3.1/../../../../arm-none-eabi/lib/thumb/v6-m/nofp\libc_nano.a(libc_a-memset.o)
                              C:/ST/STM32CubeIDE_1.17.0/STM32CubeIDE/plugins/com.st.stm32cube.ide.mcu.externaltools.gnu-tools-for-stm32.13.3.rel1.win32_1.0.0.202411081344/tools/bin/../lib/gcc/arm-none-eabi/13.3.1/../../../../arm-none-eabi/lib/thumb/v6-m/nofp/crt0.o (memset)
C:/ST/STM32CubeIDE_1.17.0/STM32CubeIDE/plugins/com.st.stm32cube.ide.mcu.externaltools.gnu-tools-for-stm32.13.3.rel1.win32_1.0.0.202411081344/tools/bin/../lib/gcc/arm-none-eabi/13.3.1/../../../../arm-none-eabi/lib/thumb/v6-m/nofp\libc_nano.a(libc_a-closer.o)
                              C:/ST/STM32CubeIDE_1.17.0/STM32CubeIDE/plugins/com.st.stm32cube.ide.mcu.externaltools.gnu-tools-for-stm32.13.3.rel1.win32_1.0.0.202411081344/tools/bin/../lib/gcc/arm-none-eabi/13.3.1/../../../../arm-none-eabi/lib/thumb/v6-m/nofp\libc_nano.a(libc_a-stdio.o) (_close_r)
C:/ST/STM32CubeIDE_1.17.0/STM32CubeIDE/plugins/com.st.stm32cube.ide.mcu.externaltools.gnu-tools-for-stm32.13.3.rel1.win32_1.0.0.202411081344/tools/bin/../lib/gcc/arm-none-eabi/13.3.1/../../../../arm-none-eabi/lib/thumb/v6-m/nofp\libc_nano.a(libc_a-reent.o)
                              C:/ST/STM32CubeIDE_1.17.0/STM32CubeIDE/plugins/com.st.stm32cube.ide.mcu.externaltools.gnu-tools-for-stm32.13.3.rel1.win32_1.0.0.202411081344/tools/bin/../lib/gcc/arm-none-eabi/13.3.1/../../../../arm-none-eabi/lib/thumb/v6-m/nofp\libc_nano.a(libc_a-closer.o) (errno)
C:/ST/STM32CubeIDE_1.17.0/STM32CubeIDE/plugins/com.st.stm32cube.ide.mcu.externaltools.gnu-tools-for-stm32.13.3.rel1.win32_1.0.0.202411081344/tools/bin/../lib/gcc/arm-none-eabi/13.3.1/../../../../arm-none-eabi/lib/thumb/v6-m/nofp\libc_nano.a(libc_a-impure.o)
                              C:/ST/STM32CubeIDE_1.17.0/STM32CubeIDE/plugins/com.st.stm32cube.ide.mcu.externaltools.gnu-tools-for-stm32.13.3.rel1.win32_1.0.0.202411081344/tools/bin/../lib/gcc/arm-none-eabi/13.3.1/../../../../arm-none-eabi/lib/thumb/v6-m/nofp\libc_nano.a(libc_a-reent.o) (_impure_ptr)
C:/ST/STM32CubeIDE_1.17.0/STM32CubeIDE/plugins/com.st.stm32cube.ide.mcu.externaltools.gnu-tools-for-stm32.13.3.rel1.win32_1.0.0.202411081344/tools/bin/../lib/gcc/arm-none-eabi/13.3.1/../../../../arm-none-eabi/lib/thumb/v6-m/nofp\libc_nano.a(libc_a-lseekr.o)
[...]
Memory Configuration

Name             Origin             Length             Attributes
RAM              0x20000000         0x00004000         xrw
FLASH            0x08000000         0x00020000         xr
*default*        0x00000000         0xffffffff

Linker script and memory map

LOAD C:/ST/STM32CubeIDE_1.17.0/STM32CubeIDE/plugins/com.st.stm32cube.ide.mcu.externaltools.gnu-tools-for-stm32.13.3.rel1.win32_1.0.0.202411081344/tools/bin/../lib/gcc/arm-none-eabi/13.3.1/thumb/v6-m/nofp/crti.o
LOAD C:/ST/STM32CubeIDE_1.17.0/STM32CubeIDE/plugins/com.st.stm32cube.ide.mcu.externaltools.gnu-tools-for-stm32.13.3.rel1.win32_1.0.0.202411081344/tools/bin/../lib/gcc/arm-none-eabi/13.3.1/thumb/v6-m/nofp/crtbegin.o
LOAD C:/ST/STM32CubeIDE_1.17.0/STM32CubeIDE/plugins/com.st.stm32cube.ide.mcu.externaltools.gnu-tools-for-stm32.13.3.rel1.win32_1.0.0.202411081344/tools/bin/../lib/gcc/arm-none-eabi/13.3.1/../../../../arm-none-eabi/lib/thumb/v6-m/nofp/crt0.o
LOAD ./Core/Src/main.o
LOAD ./Core/Src/stm32f0xx_hal_msp.o
LOAD ./Core/Src/stm32f0xx_it.o
LOAD ./Core/Src/syscalls.o
LOAD ./Core/Src/sysmem.o
LOAD ./Core/Src/system_stm32f0xx.o
LOAD ./Core/Startup/startup_stm32f072rbtx.o
LOAD ./Drivers/STM32F0xx_HAL_Driver/Src/stm32f0xx_hal.o
LOAD ./Drivers/STM32F0xx_HAL_Driver/Src/stm32f0xx_hal_cortex.o
LOAD ./Drivers/STM32F0xx_HAL_Driver/Src/stm32f0xx_hal_dma.o
LOAD ./Drivers/STM32F0xx_HAL_Driver/Src/stm32f0xx_hal_exti.o
LOAD ./Drivers/STM32F0xx_HAL_Driver/Src/stm32f0xx_hal_flash.o
LOAD ./Drivers/STM32F0xx_HAL_Driver/Src/stm32f0xx_hal_flash_ex.o
LOAD ./Drivers/STM32F0xx_HAL_Driver/Src/stm32f0xx_hal_gpio.o
LOAD ./Drivers/STM32F0xx_HAL_Driver/Src/stm32f0xx_hal_i2c.o
LOAD ./Drivers/STM32F0xx_HAL_Driver/Src/stm32f0xx_hal_i2c_ex.o
LOAD ./Drivers/STM32F0xx_HAL_Driver/Src/stm32f0xx_hal_pwr.o
LOAD ./Drivers/STM32F0xx_HAL_Driver/Src/stm32f0xx_hal_pwr_ex.o
LOAD ./Drivers/STM32F0xx_HAL_Driver/Src/stm32f0xx_hal_rcc.o
LOAD ./Drivers/STM32F0xx_HAL_Driver/Src/stm32f0xx_hal_rcc_ex.o
LOAD ./Drivers/STM32F0xx_HAL_Driver/Src/stm32f0xx_hal_tsc.o
LOAD ./Middlewares/ST/STM32_TouchSensing_Library/src/tsl.o
LOAD ./Middlewares/ST/STM32_TouchSensing_Library/src/tsl_acq.o
LOAD ./Middlewares/ST/STM32_TouchSensing_Library/src/tsl_acq_tsc.o
LOAD ./Middlewares/ST/STM32_TouchSensing_Library/src/tsl_dxs.o
LOAD ./Middlewares/ST/STM32_TouchSensing_Library/src/tsl_ecs.o
LOAD ./Middlewares/ST/STM32_TouchSensing_Library/src/tsl_filter.o
LOAD ./Middlewares/ST/STM32_TouchSensing_Library/src/tsl_globals.o
LOAD ./Middlewares/ST/STM32_TouchSensing_Library/src/tsl_linrot.o
LOAD ./Middlewares/ST/STM32_TouchSensing_Library/src/tsl_object.o
LOAD ./Middlewares/ST/STM32_TouchSensing_Library/src/tsl_time.o
LOAD ./Middlewares/ST/STM32_TouchSensing_Library/src/tsl_touchkey.o
LOAD ./TOUCHSENSING/App/stmCriticalSection.o
LOAD ./TOUCHSENSING/App/touchsensing.o
LOAD ./TOUCHSENSING/App/tsl_user.o
START GROUP
LOAD C:/ST/STM32CubeIDE_1.17.0/STM32CubeIDE/plugins/com.st.stm32cube.ide.mcu.externaltools.gnu-tools-for-stm32.13.3.rel1.win32_1.0.0.202411081344/tools/bin/../lib/gcc/arm-none-eabi/13.3.1/../../../../arm-none-eabi/lib/thumb/v6-m/nofp\libc_nano.a
LOAD C:/ST/STM32CubeIDE_1.17.0/STM32CubeIDE/plugins/com.st.stm32cube.ide.mcu.externaltools.gnu-tools-for-stm32.13.3.rel1.win32_1.0.0.202411081344/tools/bin/../lib/gcc/arm-none-eabi/13.3.1/../../../../arm-none-eabi/lib/thumb/v6-m/nofp\libm.a
END GROUP
START GROUP
LOAD C:/ST/STM32CubeIDE_1.17.0/STM32CubeIDE/plugins/com.st.stm32cube.ide.mcu.externaltools.gnu-tools-for-stm32.13.3.rel1.win32_1.0.0.202411081344/tools/bin/../lib/gcc/arm-none-eabi/13.3.1/thumb/v6-m/nofp\libgcc.a
LOAD C:/ST/STM32CubeIDE_1.17.0/STM32CubeIDE/plugins/com.st.stm32cube.ide.mcu.externaltools.gnu-tools-for-stm32.13.3.rel1.win32_1.0.0.202411081344/tools/bin/../lib/gcc/arm-none-eabi/13.3.1/../../../../arm-none-eabi/lib/thumb/v6-m/nofp\libc_nano.a
END GROUP
START GROUP
LOAD C:/ST/STM32CubeIDE_1.17.0/STM32CubeIDE/plugins/com.st.stm32cube.ide.mcu.externaltools.gnu-tools-for-stm32.13.3.rel1.win32_1.0.0.202411081344/tools/bin/../lib/gcc/arm-none-eabi/13.3.1/thumb/v6-m/nofp\libgcc.a
LOAD C:/ST/STM32CubeIDE_1.17.0/STM32CubeIDE/plugins/com.st.stm32cube.ide.mcu.externaltools.gnu-tools-for-stm32.13.3.rel1.win32_1.0.0.202411081344/tools/bin/../lib/gcc/arm-none-eabi/13.3.1/../../../../arm-none-eabi/lib/thumb/v6-m/nofp\libc_nano.a
LOAD C:/ST/STM32CubeIDE_1.17.0/STM32CubeIDE/plugins/com.st.stm32cube.ide.mcu.externaltools.gnu-tools-for-stm32.13.3.rel1.win32_1.0.0.202411081344/tools/bin/../lib/gcc/arm-none-eabi/13.3.1/../../../../arm-none-eabi/lib/thumb/v6-m/nofp\libnosys.a
END GROUP
START GROUP
LOAD C:/ST/STM32CubeIDE_1.17.0/STM32CubeIDE/plugins/com.st.stm32cube.ide.mcu.externaltools.gnu-tools-for-stm32.13.3.rel1.win32_1.0.0.202411081344/tools/bin/../lib/gcc/arm-none-eabi/13.3.1/thumb/v6-m/nofp\libgcc.a
LOAD C:/ST/STM32CubeIDE_1.17.0/STM32CubeIDE/plugins/com.st.stm32cube.ide.mcu.externaltools.gnu-tools-for-stm32.13.3.rel1.win32_1.0.0.202411081344/tools/bin/../lib/gcc/arm-none-eabi/13.3.1/../../../../arm-none-eabi/lib/thumb/v6-m/nofp\libc_nano.a
LOAD C:/ST/STM32CubeIDE_1.17.0/STM32CubeIDE/plugins/com.st.stm32cube.ide.mcu.externaltools.gnu-tools-for-stm32.13.3.rel1.win32_1.0.0.202411081344/tools/bin/../lib/gcc/arm-none-eabi/13.3.1/../../../../arm-none-eabi/lib/thumb/v6-m/nofp\libnosys.a
END GROUP
LOAD C:/ST/STM32CubeIDE_1.17.0/STM32CubeIDE/plugins/com.st.stm32cube.ide.mcu.externaltools.gnu-tools-for-stm32.13.3.rel1.win32_1.0.0.202411081344/tools/bin/../lib/gcc/arm-none-eabi/13.3.1/thumb/v6-m/nofp/crtend.o
LOAD C:/ST/STM32CubeIDE_1.17.0/STM32CubeIDE/plugins/com.st.stm32cube.ide.mcu.externaltools.gnu-tools-for-stm32.13.3.rel1.win32_1.0.0.202411081344/tools/bin/../lib/gcc/arm-none-eabi/13.3.1/thumb/v6-m/nofp/crtn.o
                0x20004000                        _estack = (ORIGIN (RAM) + LENGTH (RAM))
                0x00000200                        _Min_Heap_Size = 0x200
                0x00000400                        _Min_Stack_Size = 0x400

.isr_vector     0x08000000       0xc0
                0x08000000                        . = ALIGN (0x4)
 *(.isr_vector)
 .isr_vector    0x08000000       0xc0 ./Core/Startup/startup_stm32f072rbtx.o
                0x08000000                g_pfnVectors
                0x080000c0                        . = ALIGN (0x4)

.text           0x080000c0     0x30e8
                0x080000c0                        . = ALIGN (0x4)
 *(.text)
 .text          0x080000c0       0x48 C:/ST/STM32CubeIDE_1.17.0/STM32CubeIDE/plugins/com.st.stm32cube.ide.mcu.externaltools.gnu-tools-for-stm32.13.3.rel1.win32_1.0.0.202411081344/tools/bin/../lib/gcc/arm-none-eabi/13.3.1/thumb/v6-m/nofp/crtbegin.o
 .text          0x08000108      0x114 C:/ST/STM32CubeIDE_1.17.0/STM32CubeIDE/plugins/com.st.stm32cube.ide.mcu.externaltools.gnu-tools-for-stm32.13.3.rel1.win32_1.0.0.202411081344/tools/bin/../lib/gcc/arm-none-eabi/13.3.1/thumb/v6-m/nofp\libgcc.a(_udivsi3.o)
                0x08000108                __aeabi_uidiv
                0x08000108                __udivsi3
                0x08000214                __aeabi_uidivmod
 .text          0x0800021c        0x4 C:/ST/STM32CubeIDE_1.17.0/STM32CubeIDE/plugins/com.st.stm32cube.ide.mcu.externaltools.gnu-tools-for-stm32.13.3.rel1.win32_1.0.0.202411081344/tools/bin/../lib/gcc/arm-none-eabi/13.3.1/thumb/v6-m/nofp\libgcc.a(_dvmd_tls.o)
                0x0800021c                __aeabi_idiv0
                0x0800021c                __aeabi_ldiv0
 *(.text*)
 .text.main     0x08000220       0x22 ./Core/Src/main.o
                0x08000220                main
 .text.SystemClock_Config
                0x08000242       0x80 ./Core/Src/main.o
                0x08000242                SystemClock_Config
 *fill*         0x080002c2        0x2 
 .text.MX_TSC_Init
                0x080002c4       0x8c ./Core/Src/main.o
 .text.MX_GPIO_Init
                0x08000350       0x4c ./Core/Src/main.o
 .text.Error_Handler
                0x0800039c        0xc ./Core/Src/main.o
                0x0800039c                Error_Handler
 .text.HAL_MspInit
                0x080003a8       0x48 ./Core/Src/stm32f0xx_hal_msp.o
                0x080003a8                HAL_MspInit
 .text.HAL_TSC_MspInit
                0x080003f0      0x144 ./Core/Src/stm32f0xx_hal_msp.o
                0x080003f0                HAL_TSC_MspInit
 .text.NMI_Handler
                0x08000534        0x8 ./Core/Src/stm32f0xx_it.o
                0x08000534                NMI_Handler
 .text.HardFault_Handler
                0x0800053c        0x8 ./Core/Src/stm32f0xx_it.o
                0x0800053c                HardFault_Handler
 .text.SVC_Handler
                0x08000544        0xa ./Core/Src/stm32f0xx_it.o
                0x08000544                SVC_Handler
 .text.PendSV_Handler
                0x0800054e        0xa ./Core/Src/stm32f0xx_it.o
                0x0800054e                PendSV_Handler
 .text.SysTick_Handler
                0x08000558       0x12 ./Core/Src/stm32f0xx_it.o
                0x08000558                SysTick_Handler
 .text.SystemInit
                0x0800056a        0xa ./Core/Src/system_stm32f0xx.o
                0x0800056a                SystemInit
 .text.Reset_Handler
                0x08000574       0x50 ./Core/Startup/startup_stm32f072rbtx.o
                0x08000574                Reset_Handler
 .text.Default_Handler
                0x080005c4        0x2 ./Core/Startup/startup_stm32f072rbtx.o
                0x080005c4                TIM1_CC_IRQHandler
                0x080005c4                TSC_IRQHandler
                0x080005c4                ADC1_COMP_IRQHandler
                0x080005c4                I2C1_IRQHandler
                0x080005c4                RCC_CRS_IRQHandler
                0x080005c4                SPI1_IRQHandler
                0x080005c4                TIM6_DAC_IRQHandler
                0x080005c4                USART3_4_IRQHandler
                0x080005c4                EXTI2_3_IRQHandler
                0x080005c4                I2C2_IRQHandler
                0x080005c4                TIM17_IRQHandler
                0x080005c4                CEC_CAN_IRQHandler
                0x080005c4                RTC_IRQHandler
                0x080005c4                PVD_VDDIO2_IRQHandler
                0x080005c4                DMA1_Channel4_5_6_7_IRQHandler
                0x080005c4                TIM16_IRQHandler
                0x080005c4                TIM3_IRQHandler
                0x080005c4                EXTI4_15_IRQHandler
                0x080005c4                DMA1_Channel1_IRQHandler
                0x080005c4                Default_Handler
                0x080005c4                TIM14_IRQHandler
                0x080005c4                TIM7_IRQHandler
                0x080005c4                TIM15_IRQHandler
                0x080005c4                EXTI0_1_IRQHandler
                0x080005c4                USB_IRQHandler
                0x080005c4                SPI2_IRQHandler
                0x080005c4                WWDG_IRQHandler
                0x080005c4                TIM2_IRQHandler
                0x080005c4                DMA1_Channel2_3_IRQHandler
                0x080005c4                USART2_IRQHandler
                0x080005c4                FLASH_IRQHandler
                0x080005c4                USART1_IRQHandler
                0x080005c4                TIM1_BRK_UP_TRG_COM_IRQHandler
 *fill*         0x080005c6        0x2 
 .text.HAL_Init
                0x080005c8       0x28 ./Drivers/STM32F0xx_HAL_Driver/Src/stm32f0xx_hal.o
                0x080005c8                HAL_Init
 .text.HAL_InitTick
                0x080005f0       0x68 ./Drivers/STM32F0xx_HAL_Driver/Src/stm32f0xx_hal.o
                0x080005f0                HAL_InitTick
 .text.HAL_IncTick
                0x08000658       0x24 ./Drivers/STM32F0xx_HAL_Driver/Src/stm32f0xx_hal.o
                0x08000658                HAL_IncTick
 .text.HAL_GetTick
                0x0800067c       0x14 ./Drivers/STM32F0xx_HAL_Driver/Src/stm32f0xx_hal.o
                0x0800067c                HAL_GetTick
 .text.__NVIC_SetPriority
                0x08000690       0xdc ./Drivers/STM32F0xx_HAL_Driver/Src/stm32f0xx_hal_cortex.o
 .text.SysTick_Config
                0x0800076c       0x48 ./Drivers/STM32F0xx_HAL_Driver/Src/stm32f0xx_hal_cortex.o
 .text.HAL_NVIC_SetPriority
                0x080007b4       0x2a ./Drivers/STM32F0xx_HAL_Driver/Src/stm32f0xx_hal_cortex.o
                0x080007b4                HAL_NVIC_SetPriority
 .text.HAL_SYSTICK_Config
                0x080007de       0x1a ./Drivers/STM32F0xx_HAL_Driver/Src/stm32f0xx_hal_cortex.o
                0x080007de                HAL_SYSTICK_Config
 .text.HAL_GPIO_Init
                0x080007f8      0x2f0 ./Drivers/STM32F0xx_HAL_Driver/Src/stm32f0xx_hal_gpio.o
                0x080007f8                HAL_GPIO_Init
 .text.HAL_RCC_OscConfig
                0x08000ae8      0x70c ./Drivers/STM32F0xx_HAL_Driver/Src/stm32f0xx_hal_rcc.o
                0x08000ae8                HAL_RCC_OscConfig
 .text.HAL_RCC_ClockConfig
                0x080011f4      0x1b4 ./Drivers/STM32F0xx_HAL_Driver/Src/stm32f0xx_hal_rcc.o
                0x080011f4                HAL_RCC_ClockConfig
 .text.HAL_RCC_GetSysClockFreq
                0x080013a8       0xe4 ./Drivers/STM32F0xx_HAL_Driver/Src/stm32f0xx_hal_rcc.o
                0x080013a8                HAL_RCC_GetSysClockFreq
 .text.HAL_TSC_Init
                0x0800148c      0x104 ./Drivers/STM32F0xx_HAL_Driver/Src/stm32f0xx_hal_tsc.o
                0x0800148c                HAL_TSC_Init
 .text.TSC_extract_groups
                0x08001590       0x46 ./Drivers/STM32F0xx_HAL_Driver/Src/stm32f0xx_hal_tsc.o
 *fill*         0x080015d6        0x2 
 .text.TSL_Init
                0x080015d8       0x5c ./Middlewares/ST/STM32_TouchSensing_Library/src/tsl.o
                0x080015d8                TSL_Init
 .text.TSL_acq_BankGetResult
                0x08001634      0x324 ./Middlewares/ST/STM32_TouchSensing_Library/src/tsl_acq.o
                0x08001634                TSL_acq_BankGetResult
 .text.TSL_acq_BankConfig
                0x08001958       0xd8 ./Middlewares/ST/STM32_TouchSensing_Library/src/tsl_acq_tsc.o
                0x08001958                TSL_acq_BankConfig
 .text.TSL_acq_BankStartAcq
                0x08001a30       0x40 ./Middlewares/ST/STM32_TouchSensing_Library/src/tsl_acq_tsc.o
                0x08001a30                TSL_acq_BankStartAcq
 .text.TSL_acq_BankWaitEOC
                0x08001a70       0x40 ./Middlewares/ST/STM32_TouchSensing_Library/src/tsl_acq_tsc.o
                0x08001a70                TSL_acq_BankWaitEOC
 .text.TSL_acq_GetMeas
                0x08001ab0       0x38 ./Middlewares/ST/STM32_TouchSensing_Library/src/tsl_acq_tsc.o
                0x08001ab0                TSL_acq_GetMeas
 .text.TSL_acq_ComputeDelta
                0x08001ae8       0x28 ./Middlewares/ST/STM32_TouchSensing_Library/src/tsl_acq_tsc.o
                0x08001ae8                TSL_acq_ComputeDelta
 .text.TSL_acq_ComputeMeas
                0x08001b10       0x26 ./Middlewares/ST/STM32_TouchSensing_Library/src/tsl_acq_tsc.o
                0x08001b10                TSL_acq_ComputeMeas
 .text.TSL_acq_CheckNoise
                0x08001b36        0xc ./Middlewares/ST/STM32_TouchSensing_Library/src/tsl_acq_tsc.o
                0x08001b36                TSL_acq_CheckNoise
 .text.TSL_acq_UseFilter
                0x08001b42       0x12 ./Middlewares/ST/STM32_TouchSensing_Library/src/tsl_acq_tsc.o
                0x08001b42                TSL_acq_UseFilter
 .text.TSL_acq_TestReferenceOutOfRange
                0x08001b54       0x12 ./Middlewares/ST/STM32_TouchSensing_Library/src/tsl_acq_tsc.o
                0x08001b54                TSL_acq_TestReferenceOutOfRange
 .text.TSL_acq_TestFirstReferenceIsValid
                0x08001b66       0x18 ./Middlewares/ST/STM32_TouchSensing_Library/src/tsl_acq_tsc.o
                0x08001b66                TSL_acq_TestFirstReferenceIsValid
 .text.SoftDelay
                0x08001b7e       0x24 ./Middlewares/ST/STM32_TouchSensing_Library/src/tsl_acq_tsc.o
 .text.TSL_dxs_FirstObj
                0x08001ba2       0x10 ./Middlewares/ST/STM32_TouchSensing_Library/src/tsl_dxs.o
                0x08001ba2                TSL_dxs_FirstObj
 *fill*         0x08001bb2        0x2 
 .text.TSL_ecs_CalcK
                0x08001bb4      0x1a0 ./Middlewares/ST/STM32_TouchSensing_Library/src/tsl_ecs.o
                0x08001bb4                TSL_ecs_CalcK
 .text.TSL_ecs_ProcessK
                0x08001d54      0x174 ./Middlewares/ST/STM32_TouchSensing_Library/src/tsl_ecs.o
                0x08001d54                TSL_ecs_ProcessK
 .text.TSL_ecs_Process
                0x08001ec8       0xe0 ./Middlewares/ST/STM32_TouchSensing_Library/src/tsl_ecs.o
                0x08001ec8                TSL_ecs_Process
 .text.TSL_obj_GroupInit
                0x08001fa8       0xb8 ./Middlewares/ST/STM32_TouchSensing_Library/src/tsl_object.o
                0x08001fa8                TSL_obj_GroupInit
 .text.TSL_obj_GroupProcess
                0x08002060       0xb8 ./Middlewares/ST/STM32_TouchSensing_Library/src/tsl_object.o
                0x08002060                TSL_obj_GroupProcess
 .text.TSL_obj_SetGlobalObj
                0x08002118       0x30 ./Middlewares/ST/STM32_TouchSensing_Library/src/tsl_object.o
                0x08002118                TSL_obj_SetGlobalObj
 .text.TSL_tim_ProcessIT
                0x08002148       0x58 ./Middlewares/ST/STM32_TouchSensing_Library/src/tsl_time.o
                0x08002148                TSL_tim_ProcessIT
 .text.TSL_tim_CheckDelay_ms
                0x080021a0       0xbc ./Middlewares/ST/STM32_TouchSensing_Library/src/tsl_time.o
                0x080021a0                TSL_tim_CheckDelay_ms
 .text.TSL_tkey_Init
                0x0800225c       0x78 ./Middlewares/ST/STM32_TouchSensing_Library/src/tsl_touchkey.o
                0x0800225c                TSL_tkey_Init
 .text.TSL_tkey_Process
                0x080022d4       0x9c ./Middlewares/ST/STM32_TouchSensing_Library/src/tsl_touchkey.o
                0x080022d4                TSL_tkey_Process
 .text.TSL_tkey_SetStateCalibration
                0x08002370       0x94 ./Middlewares/ST/STM32_TouchSensing_Library/src/tsl_touchkey.o
                0x08002370                TSL_tkey_SetStateCalibration
 .text.TSL_tkey_GetStateMask
                0x08002404       0x40 ./Middlewares/ST/STM32_TouchSensing_Library/src/tsl_touchkey.o
                0x08002404                TSL_tkey_GetStateMask
 .text.TSL_tkey_DebReleaseProxStateProcess
                0x08002444       0x84 ./Middlewares/ST/STM32_TouchSensing_Library/src/tsl_touchkey.o
                0x08002444                TSL_tkey_DebReleaseProxStateProcess
 .text.TSL_tkey_DebReleaseDetectStateProcess
                0x080024c8       0xa8 ./Middlewares/ST/STM32_TouchSensing_Library/src/tsl_touchkey.o
                0x080024c8                TSL_tkey_DebReleaseDetectStateProcess
 .text.TSL_tkey_DebReleaseTouchStateProcess
                0x08002570       0xa8 ./Middlewares/ST/STM32_TouchSensing_Library/src/tsl_touchkey.o
                0x08002570                TSL_tkey_DebReleaseTouchStateProcess
 .text.TSL_tkey_ReleaseStateProcess
                0x08002618      0x138 ./Middlewares/ST/STM32_TouchSensing_Library/src/tsl_touchkey.o
                0x08002618                TSL_tkey_ReleaseStateProcess
 .text.TSL_tkey_DebCalibrationStateProcess
                0x08002750       0x84 ./Middlewares/ST/STM32_TouchSensing_Library/src/tsl_touchkey.o
                0x08002750                TSL_tkey_DebCalibrationStateProcess
 .text.TSL_tkey_CalibrationStateProcess
                0x080027d4      0x14c ./Middlewares/ST/STM32_TouchSensing_Library/src/tsl_touchkey.o
                0x080027d4                TSL_tkey_CalibrationStateProcess
 .text.TSL_tkey_DebProxStateProcess
                0x08002920       0xd0 ./Middlewares/ST/STM32_TouchSensing_Library/src/tsl_touchkey.o
                0x08002920                TSL_tkey_DebProxStateProcess
 .text.TSL_tkey_DebProxDetectStateProcess
                0x080029f0       0xd0 ./Middlewares/ST/STM32_TouchSensing_Library/src/tsl_touchkey.o
                0x080029f0                TSL_tkey_DebProxDetectStateProcess
 .text.TSL_tkey_DebProxTouchStateProcess
                0x08002ac0       0xd0 ./Middlewares/ST/STM32_TouchSensing_Library/src/tsl_touchkey.o
                0x08002ac0                TSL_tkey_DebProxTouchStateProcess
 .text.TSL_tkey_ProxStateProcess
                0x08002b90       0xf0 ./Middlewares/ST/STM32_TouchSensing_Library/src/tsl_touchkey.o
                0x08002b90                TSL_tkey_ProxStateProcess
 .text.TSL_tkey_DebDetectStateProcess
                0x08002c80       0xd0 ./Middlewares/ST/STM32_TouchSensing_Library/src/tsl_touchkey.o
                0x08002c80                TSL_tkey_DebDetectStateProcess
 .text.TSL_tkey_DetectStateProcess
                0x08002d50       0xf0 ./Middlewares/ST/STM32_TouchSensing_Library/src/tsl_touchkey.o
                0x08002d50                TSL_tkey_DetectStateProcess
 .text.TSL_tkey_TouchStateProcess
                0x08002e40       0xf0 ./Middlewares/ST/STM32_TouchSensing_Library/src/tsl_touchkey.o
                0x08002e40                TSL_tkey_TouchStateProcess
 .text.TSL_tkey_DebErrorStateProcess
                0x08002f30       0xcc ./Middlewares/ST/STM32_TouchSensing_Library/src/tsl_touchkey.o
                0x08002f30                TSL_tkey_DebErrorStateProcess
 .text.MX_TOUCHSENSING_Init
                0x08002ffc        0xe ./TOUCHSENSING/App/touchsensing.o
                0x08002ffc                MX_TOUCHSENSING_Init
 *fill*         0x0800300a        0x2 
 .text.tsl_user_Init
                0x0800300c       0x3c ./TOUCHSENSING/App/tsl_user.o
                0x0800300c                tsl_user_Init
 .text.tsl_user_Exec
                0x08003048       0xd0 ./TOUCHSENSING/App/tsl_user.o
                0x08003048                tsl_user_Exec
 .text.tsl_user_SetThresholds
                0x08003118        0xa ./TOUCHSENSING/App/tsl_user.o
                0x08003118                tsl_user_SetThresholds
 .text.MyTKeys_ErrorStateProcess
                0x08003122        0xa ./TOUCHSENSING/App/tsl_user.o
                0x08003122                MyTKeys_ErrorStateProcess
 .text.MyTKeys_OffStateProcess
                0x0800312c        0xa ./TOUCHSENSING/App/tsl_user.o
                0x0800312c                MyTKeys_OffStateProcess
 .text.memset   0x08003136       0x10 C:/ST/STM32CubeIDE_1.17.0/STM32CubeIDE/plugins/com.st.stm32cube.ide.mcu.externaltools.gnu-tools-for-stm32.13.3.rel1.win32_1.0.0.202411081344/tools/bin/../lib/gcc/arm-none-eabi/13.3.1/../../../../arm-none-eabi/lib/thumb/v6-m/nofp\libc_nano.a(libc_a-memset.o)
                0x08003136                memset
 *fill*         0x08003146        0x2 
 .text.__libc_init_array
                0x08003148       0x48 C:/ST/STM32CubeIDE_1.17.0/STM32CubeIDE/plugins/com.st.stm32cube.ide.mcu.externaltools.gnu-tools-for-stm32.13.3.rel1.win32_1.0.0.202411081344/tools/bin/../lib/gcc/arm-none-eabi/13.3.1/../../../../arm-none-eabi/lib/thumb/v6-m/nofp\libc_nano.a(libc_a-init.o)
                0x08003148                __libc_init_array
 *(.glue_7)
 .glue_7        0x08003190        0x0 linker stubs
 *(.glue_7t)
 .glue_7t       0x08003190        0x0 linker stubs
 *(.eh_frame)
 .eh_frame      0x08003190        0x0 C:/ST/STM32CubeIDE_1.17.0/STM32CubeIDE/plugins/com.st.stm32cube.ide.mcu.externaltools.gnu-tools-for-stm32.13.3.rel1.win32_1.0.0.202411081344/tools/bin/../lib/gcc/arm-none-eabi/13.3.1/thumb/v6-m/nofp/crtbegin.o
 *(.init)
 .init          0x08003190        0x4 C:/ST/STM32CubeIDE_1.17.0/STM32CubeIDE/plugins/com.st.stm32cube.ide.mcu.externaltools.gnu-tools-for-stm32.13.3.rel1.win32_1.0.0.202411081344/tools/bin/../lib/gcc/arm-none-eabi/13.3.1/thumb/v6-m/nofp/crti.o
                0x08003190                _init
 .init          0x08003194        0x8 C:/ST/STM32CubeIDE_1.17.0/STM32CubeIDE/plugins/com.st.stm32cube.ide.mcu.externaltools.gnu-tools-for-stm32.13.3.rel1.win32_1.0.0.202411081344/tools/bin/../lib/gcc/arm-none-eabi/13.3.1/thumb/v6-m/nofp/crtn.o
 *(.fini)
 .fini          0x0800319c        0x4 C:/ST/STM32CubeIDE_1.17.0/STM32CubeIDE/plugins/com.st.stm32cube.ide.mcu.externaltools.gnu-tools-for-stm32.13.3.rel1.win32_1.0.0.202411081344/tools/bin/../lib/gcc/arm-none-eabi/13.3.1/thumb/v6-m/nofp/crti.o
                0x0800319c                _fini
 .fini          0x080031a0        0x8 C:/ST/STM32CubeIDE_1.17.0/STM32CubeIDE/plugins/com.st.stm32cube.ide.mcu.externaltools.gnu-tools-for-stm32.13.3.rel1.win32_1.0.0.202411081344/tools/bin/../lib/gcc/arm-none-eabi/13.3.1/thumb/v6-m/nofp/crtn.o
                0x080031a8                        . = ALIGN (0x4)
                0x080031a8                        _etext = .

.vfp11_veneer   0x080031a8        0x0
 .vfp11_veneer  0x080031a8        0x0 linker stubs

.v4_bx          0x080031a8        0x0
 .v4_bx         0x080031a8        0x0 linker stubs

.iplt           0x080031a8        0x0
 .iplt          0x080031a8        0x0 C:/ST/STM32CubeIDE_1.17.0/STM32CubeIDE/plugins/com.st.stm32cube.ide.mcu.externaltools.gnu-tools-for-stm32.13.3.rel1.win32_1.0.0.202411081344/tools/bin/../lib/gcc/arm-none-eabi/13.3.1/thumb/v6-m/nofp/crtbegin.o

.rodata         0x080031a8      0x158
                0x080031a8                        . = ALIGN (0x4)
 *(.rodata)
 *(.rodata*)
 .rodata.AHBPrescTable
                0x080031a8       0x10 ./Core/Src/system_stm32f0xx.o
                0x080031a8                AHBPrescTable
 .rodata.aPLLMULFactorTable.1
                0x080031b8       0x10 ./Drivers/STM32F0xx_HAL_Driver/Src/stm32f0xx_hal_rcc.o
 .rodata.aPredivFactorTable.0
                0x080031c8       0x10 ./Drivers/STM32F0xx_HAL_Driver/Src/stm32f0xx_hal_rcc.o
 .rodata.MyChannels_Src
                0x080031d8       0x24 ./TOUCHSENSING/App/tsl_user.o
                0x080031d8                MyChannels_Src
 .rodata.MyChannels_Dest
                0x080031fc        0x6 ./TOUCHSENSING/App/tsl_user.o
                0x080031fc                MyChannels_Dest
 *fill*         0x08003202        0x2 
 .rodata.MyBanks
                0x08003204       0x18 ./TOUCHSENSING/App/tsl_user.o
                0x08003204                MyBanks
 .rodata.MyTKeys_StateMachine
                0x0800321c       0xa0 ./TOUCHSENSING/App/tsl_user.o
                0x0800321c                MyTKeys_StateMachine
 .rodata.MyTKeys_Methods
                0x080032bc        0x8 ./TOUCHSENSING/App/tsl_user.o
                0x080032bc                MyTKeys_Methods
 .rodata.MyTKeysB
                0x080032c4       0x24 ./TOUCHSENSING/App/tsl_user.o
                0x080032c4                MyTKeysB
 .rodata.MyObjects
                0x080032e8       0x18 ./TOUCHSENSING/App/tsl_user.o
                0x080032e8                MyObjects
                0x08003300                        . = ALIGN (0x4)

.ARM.extab      0x08003300        0x0
                0x08003300                        . = ALIGN (0x4)
 *(.ARM.extab* .gnu.linkonce.armextab.*)
                0x08003300                        . = ALIGN (0x4)

.ARM            0x08003300        0x0
                0x08003300                        . = ALIGN (0x4)
                0x08003300                        __exidx_start = .
 *(.ARM.exidx*)
                0x08003300                        __exidx_end = .
                0x08003300                        . = ALIGN (0x4)

.preinit_array  0x08003300        0x0
                0x08003300                        . = ALIGN (0x4)
                0x08003300                        PROVIDE (__preinit_array_start = .)
 *(.preinit_array*)
                0x08003300                        PROVIDE (__preinit_array_end = .)
                0x08003300                        . = ALIGN (0x4)

.init_array     0x08003300        0x4
                0x08003300                        . = ALIGN (0x4)
                0x08003300                        PROVIDE (__init_array_start = .)
 *(SORT_BY_NAME(.init_array.*))
 *(.init_array*)
 .init_array    0x08003300        0x4 C:/ST/STM32CubeIDE_1.17.0/STM32CubeIDE/plugins/com.st.stm32cube.ide.mcu.externaltools.gnu-tools-for-stm32.13.3.rel1.win32_1.0.0.202411081344/tools/bin/../lib/gcc/arm-none-eabi/13.3.1/thumb/v6-m/nofp/crtbegin.o
                0x08003304                        PROVIDE (__init_array_end = .)
                0x08003304                        . = ALIGN (0x4)

.fini_array     0x08003304        0x4
                0x08003304                        . = ALIGN (0x4)
                [!provide]                        PROVIDE (__fini_array_start = .)
 *(SORT_BY_NAME(.fini_array.*))
 *(.fini_array*)
 .fini_array    0x08003304        0x4 C:/ST/STM32CubeIDE_1.17.0/STM32CubeIDE/plugins/com.st.stm32cube.ide.mcu.externaltools.gnu-tools-for-stm32.13.3.rel1.win32_1.0.0.202411081344/tools/bin/../lib/gcc/arm-none-eabi/13.3.1/thumb/v6-m/nofp/crtbegin.o
                [!provide]                        PROVIDE (__fini_array_end = .)
                0x08003308                        . = ALIGN (0x4)
                0x08003308                        _sidata = LOADADDR (.data)

.rel.dyn        0x08003308        0x0
 .rel.iplt      0x08003308        0x0 C:/ST/STM32CubeIDE_1.17.0/STM32CubeIDE/plugins/com.st.stm32cube.ide.mcu.externaltools.gnu-tools-for-stm32.13.3.rel1.win32_1.0.0.202411081344/tools/bin/../lib/gcc/arm-none-eabi/13.3.1/thumb/v6-m/nofp/crtbegin.o

.data           0x20000000       0x2c load address 0x08003308
                0x20000000                        . = ALIGN (0x4)
                0x20000000                        _sdata = .
 *(.data)
 *(.data*)
 .data.SystemCoreClock
                0x20000000        0x4 ./Core/Src/system_stm32f0xx.o
                0x20000000                SystemCoreClock
 .data.uwTickPrio
                0x20000004        0x4 ./Drivers/STM32F0xx_HAL_Driver/Src/stm32f0xx_hal.o
                0x20000004                uwTickPrio
 .data.uwTickFreq
                0x20000008        0x1 ./Drivers/STM32F0xx_HAL_Driver/Src/stm32f0xx_hal.o
                0x20000008                uwTickFreq
 *fill*         0x20000009        0x3 
 .data.MyObjGroup
                0x2000000c       0x10 ./TOUCHSENSING/App/tsl_user.o
                0x2000000c                MyObjGroup
 .data.TSL_Params
                0x2000001c       0x10 ./TOUCHSENSING/App/tsl_user.o
                0x2000001c                TSL_Params
 *(.RamFunc)
 *(.RamFunc*)
                0x2000002c                        . = ALIGN (0x4)
                0x2000002c                        _edata = .

.igot.plt       0x2000002c        0x0 load address 0x08003334
 .igot.plt      0x2000002c        0x0 C:/ST/STM32CubeIDE_1.17.0/STM32CubeIDE/plugins/com.st.stm32cube.ide.mcu.externaltools.gnu-tools-for-stm32.13.3.rel1.win32_1.0.0.202411081344/tools/bin/../lib/gcc/arm-none-eabi/13.3.1/thumb/v6-m/nofp/crtbegin.o
                0x2000002c                        . = ALIGN (0x4)

.bss            0x2000002c       0xdc load address 0x08003334
                0x2000002c                        _sbss = .
                0x2000002c                        __bss_start__ = _sbss
 *(.bss)
 .bss           0x2000002c       0x1c C:/ST/STM32CubeIDE_1.17.0/STM32CubeIDE/plugins/com.st.stm32cube.ide.mcu.externaltools.gnu-tools-for-stm32.13.3.rel1.win32_1.0.0.202411081344/tools/bin/../lib/gcc/arm-none-eabi/13.3.1/thumb/v6-m/nofp/crtbegin.o
 *(.bss*)
 .bss.htsc      0x20000048       0x44 ./Core/Src/main.o
                0x20000048                htsc
 .bss.uwTick    0x2000008c        0x4 ./Drivers/STM32F0xx_HAL_Driver/Src/stm32f0xx_hal.o
                0x2000008c                uwTick
 .bss.TSL_Globals
                0x20000090       0x18 ./Middlewares/ST/STM32_TouchSensing_Library/src/tsl_globals.o
                0x20000090                TSL_Globals
 .bss.count_1s.0
                0x200000a8        0x2 ./Middlewares/ST/STM32_TouchSensing_Library/src/tsl_time.o
 .bss.CalibDiv  0x200000aa        0x2 ./Middlewares/ST/STM32_TouchSensing_Library/src/tsl_touchkey.o
 .bss.MyChannels_Data
                0x200000ac       0x24 ./TOUCHSENSING/App/tsl_user.o
                0x200000ac                MyChannels_Data
 .bss.MyTKeys_Data
                0x200000d0        0xc ./TOUCHSENSING/App/tsl_user.o
                0x200000d0                MyTKeys_Data
 .bss.MyTKeys_Param
                0x200000dc       0x1e ./TOUCHSENSING/App/tsl_user.o
                0x200000dc                MyTKeys_Param
 *fill*         0x200000fa        0x2 
 .bss.IdxBank   0x200000fc        0x4 ./TOUCHSENSING/App/tsl_user.o
 .bss.ConfigDone
                0x20000100        0x4 ./TOUCHSENSING/App/tsl_user.o
 .bss.ECSLastTick
                0x20000104        0x2 ./TOUCHSENSING/App/tsl_user.o
                0x20000104                ECSLastTick
 *(COMMON)
                0x20000108                        . = ALIGN (0x4)
 *fill*         0x20000106        0x2 
                0x20000108                        _ebss = .
                0x20000108                        __bss_end__ = _ebss

._user_heap_stack
                0x20000108      0x600 load address 0x08003334
                0x20000108                        . = ALIGN (0x8)
                [!provide]                        PROVIDE (end = .)
                0x20000108                        PROVIDE (_end = .)
                0x20000308                        . = (. + _Min_Heap_Size)
 *fill*         0x20000108      0x200 
                0x20000708                        . = (. + _Min_Stack_Size)
 *fill*         0x20000308      0x400 
                0x20000708                        . = ALIGN (0x8)

/DISCARD/
 libc.a(*)
 libm.a(*)
 libgcc.a(*)

.ARM.attributes
                0x00000000       0x28
 *(.ARM.attributes)
 .ARM.attributes
                0x00000000       0x1e C:/ST/STM32CubeIDE_1.17.0/STM32CubeIDE/plugins/com.st.stm32cube.ide.mcu.externaltools.gnu-tools-for-stm32.13.3.rel1.win32_1.0.0.202411081344/tools/bin/../lib/gcc/arm-none-eabi/13.3.1/thumb/v6-m/nofp/crti.o
 .ARM.attributes
                0x0000001e       0x2c C:/ST/STM32CubeIDE_1.17.0/STM32CubeIDE/plugins/com.st.stm32cube.ide.mcu.externaltools.gnu-tools-for-stm32.13.3.rel1.win32_1.0.0.202411081344/tools/bin/../lib/gcc/arm-none-eabi/13.3.1/thumb/v6-m/nofp/crtbegin.o
 .ARM.attributes
                0x0000004a       0x2c ./Core/Src/main.o
 .ARM.attributes
                0x00000076       0x2c ./Core/Src/stm32f0xx_hal_msp.o
 .ARM.attributes
                0x000000a2       0x2c ./Core/Src/stm32f0xx_it.o
 .ARM.attributes
                0x000000ce       0x2c ./Core/Src/system_stm32f0xx.o
 .ARM.attributes
                0x000000fa       0x21 ./Core/Startup/startup_stm32f072rbtx.o
 .ARM.attributes
                0x0000011b       0x2c ./Drivers/STM32F0xx_HAL_Driver/Src/stm32f0xx_hal.o
 .ARM.attributes
                0x00000147       0x2c ./Drivers/STM32F0xx_HAL_Driver/Src/stm32f0xx_hal_cortex.o
 .ARM.attributes
                0x00000173       0x2c ./Drivers/STM32F0xx_HAL_Driver/Src/stm32f0xx_hal_gpio.o
 .ARM.attributes
                0x0000019f       0x2c ./Drivers/STM32F0xx_HAL_Driver/Src/stm32f0xx_hal_rcc.o
 .ARM.attributes
                0x000001cb       0x2c ./Drivers/STM32F0xx_HAL_Driver/Src/stm32f0xx_hal_tsc.o
 .ARM.attributes
                0x000001f7       0x2c ./Middlewares/ST/STM32_TouchSensing_Library/src/tsl.o
 .ARM.attributes
                0x00000223       0x2c ./Middlewares/ST/STM32_TouchSensing_Library/src/tsl_acq.o
 .ARM.attributes
                0x0000024f       0x2c ./Middlewares/ST/STM32_TouchSensing_Library/src/tsl_acq_tsc.o
 .ARM.attributes
                0x0000027b       0x2c ./Middlewares/ST/STM32_TouchSensing_Library/src/tsl_dxs.o
 .ARM.attributes
                0x000002a7       0x2c ./Middlewares/ST/STM32_TouchSensing_Library/src/tsl_ecs.o
 .ARM.attributes
                0x000002d3       0x2c ./Middlewares/ST/STM32_TouchSensing_Library/src/tsl_globals.o
 .ARM.attributes
                0x000002ff       0x2c ./Middlewares/ST/STM32_TouchSensing_Library/src/tsl_object.o
 .ARM.attributes
                0x0000032b       0x2c ./Middlewares/ST/STM32_TouchSensing_Library/src/tsl_time.o
 .ARM.attributes
                0x00000357       0x2c ./Middlewares/ST/STM32_TouchSensing_Library/src/tsl_touchkey.o
 .ARM.attributes
                0x00000383       0x2c ./TOUCHSENSING/App/touchsensing.o
 .ARM.attributes
                0x000003af       0x2c ./TOUCHSENSING/App/tsl_user.o
 .ARM.attributes
                0x000003db       0x2c C:/ST/STM32CubeIDE_1.17.0/STM32CubeIDE/plugins/com.st.stm32cube.ide.mcu.externaltools.gnu-tools-for-stm32.13.3.rel1.win32_1.0.0.202411081344/tools/bin/../lib/gcc/arm-none-eabi/13.3.1/../../../../arm-none-eabi/lib/thumb/v6-m/nofp\libc_nano.a(libc_a-memset.o)
 .ARM.attributes
                0x00000407       0x2c C:/ST/STM32CubeIDE_1.17.0/STM32CubeIDE/plugins/com.st.stm32cube.ide.mcu.externaltools.gnu-tools-for-stm32.13.3.rel1.win32_1.0.0.202411081344/tools/bin/../lib/gcc/arm-none-eabi/13.3.1/../../../../arm-none-eabi/lib/thumb/v6-m/nofp\libc_nano.a(libc_a-init.o)
 .ARM.attributes
                0x00000433       0x1e C:/ST/STM32CubeIDE_1.17.0/STM32CubeIDE/plugins/com.st.stm32cube.ide.mcu.externaltools.gnu-tools-for-stm32.13.3.rel1.win32_1.0.0.202411081344/tools/bin/../lib/gcc/arm-none-eabi/13.3.1/thumb/v6-m/nofp\libgcc.a(_udivsi3.o)
 .ARM.attributes
                0x00000451       0x1e C:/ST/STM32CubeIDE_1.17.0/STM32CubeIDE/plugins/com.st.stm32cube.ide.mcu.externaltools.gnu-tools-for-stm32.13.3.rel1.win32_1.0.0.202411081344/tools/bin/../lib/gcc/arm-none-eabi/13.3.1/thumb/v6-m/nofp\libgcc.a(_dvmd_tls.o)
 .ARM.attributes
                0x0000046f       0x1e C:/ST/STM32CubeIDE_1.17.0/STM32CubeIDE/plugins/com.st.stm32cube.ide.mcu.externaltools.gnu-tools-for-stm32.13.3.rel1.win32_1.0.0.202411081344/tools/bin/../lib/gcc/arm-none-eabi/13.3.1/thumb/v6-m/nofp/crtn.o
OUTPUT(TSC3.2.elf elf32-littlearm)
LOAD linker stubs
LOAD C:/ST/STM32CubeIDE_1.17.0/STM32CubeIDE/plugins/com.st.stm32cube.ide.mcu.externaltools.gnu-tools-for-stm32.13.3.rel1.win32_1.0.0.202411081344/tools/bin/../lib/gcc/arm-none-eabi/13.3.1/../../../../arm-none-eabi/lib/thumb/v6-m/nofp\libc.a
LOAD C:/ST/STM32CubeIDE_1.17.0/STM32CubeIDE/plugins/com.st.stm32cube.ide.mcu.externaltools.gnu-tools-for-stm32.13.3.rel1.win32_1.0.0.202411081344/tools/bin/../lib/gcc/arm-none-eabi/13.3.1/../../../../arm-none-eabi/lib/thumb/v6-m/nofp\libm.a
LOAD C:/ST/STM32CubeIDE_1.17.0/STM32CubeIDE/plugins/com.st.stm32cube.ide.mcu.externaltools.gnu-tools-for-stm32.13.3.rel1.win32_1.0.0.202411081344/tools/bin/../lib/gcc/arm-none-eabi/13.3.1/thumb/v6-m/nofp\libgcc.a

.debug_info     0x00000000     0x8d4b
 .debug_info    0x00000000      0x6e2 ./Core/Src/main.o
 .debug_info    0x000006e2      0x613 ./Core/Src/stm32f0xx_hal_msp.o
 .debug_info    0x00000cf5       0xdb ./Core/Src/stm32f0xx_it.o
 .debug_info    0x00000dd0      0x242 ./Core/Src/system_stm32f0xx.o
 .debug_info    0x00001012       0x30 ./Core/Startup/startup_stm32f072rbtx.o
 .debug_info    0x00001042      0x6c9 ./Drivers/STM32F0xx_HAL_Driver/Src/stm32f0xx_hal.o
 .debug_info    0x0000170b      0x6c5 ./Drivers/STM32F0xx_HAL_Driver/Src/stm32f0xx_hal_cortex.o
 .debug_info    0x00001dd0      0x5a6 ./Drivers/STM32F0xx_HAL_Driver/Src/stm32f0xx_hal_gpio.o
 .debug_info    0x00002376      0x83f ./Drivers/STM32F0xx_HAL_Driver/Src/stm32f0xx_hal_rcc.o
 .debug_info    0x00002bb5      0x729 ./Drivers/STM32F0xx_HAL_Driver/Src/stm32f0xx_hal_tsc.o
 .debug_info    0x000032de      0x749 ./Middlewares/ST/STM32_TouchSensing_Library/src/tsl.o
 .debug_info    0x00003a27      0xaab ./Middlewares/ST/STM32_TouchSensing_Library/src/tsl_acq.o
 .debug_info    0x000044d2      0xa8a ./Middlewares/ST/STM32_TouchSensing_Library/src/tsl_acq_tsc.o
 .debug_info    0x00004f5c      0x208 ./Middlewares/ST/STM32_TouchSensing_Library/src/tsl_dxs.o
 .debug_info    0x00005164      0xa67 ./Middlewares/ST/STM32_TouchSensing_Library/src/tsl_ecs.o
 .debug_info    0x00005bcb      0x6e4 ./Middlewares/ST/STM32_TouchSensing_Library/src/tsl_globals.o
 .debug_info    0x000062af      0x8a3 ./Middlewares/ST/STM32_TouchSensing_Library/src/tsl_object.o
 .debug_info    0x00006b52      0x836 ./Middlewares/ST/STM32_TouchSensing_Library/src/tsl_time.o
 .debug_info    0x00007388      0xa3e ./Middlewares/ST/STM32_TouchSensing_Library/src/tsl_touchkey.o
 .debug_info    0x00007dc6       0x92 ./TOUCHSENSING/App/touchsensing.o
 .debug_info    0x00007e58      0xef3 ./TOUCHSENSING/App/tsl_user.o

.debug_abbrev   0x00000000     0x2140
 .debug_abbrev  0x00000000      0x22c ./Core/Src/main.o
 .debug_abbrev  0x0000022c      0x182 ./Core/Src/stm32f0xx_hal_msp.o
 .debug_abbrev  0x000003ae       0x86 ./Core/Src/stm32f0xx_it.o
 .debug_abbrev  0x00000434      0x11c ./Core/Src/system_stm32f0xx.o
 .debug_abbrev  0x00000550       0x24 ./Core/Startup/startup_stm32f072rbtx.o
 .debug_abbrev  0x00000574      0x213 ./Drivers/STM32F0xx_HAL_Driver/Src/stm32f0xx_hal.o
 .debug_abbrev  0x00000787      0x28c ./Drivers/STM32F0xx_HAL_Driver/Src/stm32f0xx_hal_cortex.o
 .debug_abbrev  0x00000a13      0x1cb ./Drivers/STM32F0xx_HAL_Driver/Src/stm32f0xx_hal_gpio.o
 .debug_abbrev  0x00000bde      0x28c ./Drivers/STM32F0xx_HAL_Driver/Src/stm32f0xx_hal_rcc.o
 .debug_abbrev  0x00000e6a      0x1e4 ./Drivers/STM32F0xx_HAL_Driver/Src/stm32f0xx_hal_tsc.o
 .debug_abbrev  0x0000104e      0x10e ./Middlewares/ST/STM32_TouchSensing_Library/src/tsl.o
 .debug_abbrev  0x0000115c      0x1d0 ./Middlewares/ST/STM32_TouchSensing_Library/src/tsl_acq.o
 .debug_abbrev  0x0000132c      0x252 ./Middlewares/ST/STM32_TouchSensing_Library/src/tsl_acq_tsc.o
 .debug_abbrev  0x0000157e       0xc1 ./Middlewares/ST/STM32_TouchSensing_Library/src/tsl_dxs.o
 .debug_abbrev  0x0000163f      0x1f1 ./Middlewares/ST/STM32_TouchSensing_Library/src/tsl_ecs.o
 .debug_abbrev  0x00001830       0xdc ./Middlewares/ST/STM32_TouchSensing_Library/src/tsl_globals.o
 .debug_abbrev  0x0000190c      0x145 ./Middlewares/ST/STM32_TouchSensing_Library/src/tsl_object.o
 .debug_abbrev  0x00001a51      0x176 ./Middlewares/ST/STM32_TouchSensing_Library/src/tsl_time.o
 .debug_abbrev  0x00001bc7      0x27e ./Middlewares/ST/STM32_TouchSensing_Library/src/tsl_touchkey.o
 .debug_abbrev  0x00001e45       0x58 ./TOUCHSENSING/App/touchsensing.o
 .debug_abbrev  0x00001e9d      0x2a3 ./TOUCHSENSING/App/tsl_user.o

.debug_aranges  0x00000000      0x6e0
 .debug_aranges
                0x00000000       0x40 ./Core/Src/main.o
 .debug_aranges
                0x00000040       0x30 ./Core/Src/stm32f0xx_hal_msp.o
 .debug_aranges
                0x00000070       0x40 ./Core/Src/stm32f0xx_it.o
 .debug_aranges
                0x000000b0       0x28 ./Core/Src/system_stm32f0xx.o
 .debug_aranges
                0x000000d8       0x28 ./Core/Startup/startup_stm32f072rbtx.o
 .debug_aranges
                0x00000100       0xd0 ./Drivers/STM32F0xx_HAL_Driver/Src/stm32f0xx_hal.o
 .debug_aranges
                0x000001d0       0xc0 ./Drivers/STM32F0xx_HAL_Driver/Src/stm32f0xx_hal_cortex.o
 .debug_aranges
                0x00000290       0x58 ./Drivers/STM32F0xx_HAL_Driver/Src/stm32f0xx_hal_gpio.o
 .debug_aranges
                0x000002e8       0x80 ./Drivers/STM32F0xx_HAL_Driver/Src/stm32f0xx_hal_rcc.o
 .debug_aranges
                0x00000368       0xa8 ./Drivers/STM32F0xx_HAL_Driver/Src/stm32f0xx_hal_tsc.o
 .debug_aranges
                0x00000410       0x20 ./Middlewares/ST/STM32_TouchSensing_Library/src/tsl.o
 .debug_aranges
                0x00000430       0x30 ./Middlewares/ST/STM32_TouchSensing_Library/src/tsl_acq.o
 .debug_aranges
                0x00000460       0x78 ./Middlewares/ST/STM32_TouchSensing_Library/src/tsl_acq_tsc.o
 .debug_aranges
                0x000004d8       0x20 ./Middlewares/ST/STM32_TouchSensing_Library/src/tsl_dxs.o
 .debug_aranges
                0x000004f8       0x30 ./Middlewares/ST/STM32_TouchSensing_Library/src/tsl_ecs.o
 .debug_aranges
                0x00000528       0x18 ./Middlewares/ST/STM32_TouchSensing_Library/src/tsl_globals.o
 .debug_aranges
                0x00000540       0x30 ./Middlewares/ST/STM32_TouchSensing_Library/src/tsl_object.o
 .debug_aranges
                0x00000570       0x30 ./Middlewares/ST/STM32_TouchSensing_Library/src/tsl_time.o
 .debug_aranges
                0x000005a0       0xd0 ./Middlewares/ST/STM32_TouchSensing_Library/src/tsl_touchkey.o
 .debug_aranges
                0x00000670       0x20 ./TOUCHSENSING/App/touchsensing.o
 .debug_aranges
                0x00000690       0x50 ./TOUCHSENSING/App/tsl_user.o

.debug_rnglists
                0x00000000      0x4e0
 .debug_rnglists
                0x00000000       0x2d ./Core/Src/main.o
 .debug_rnglists
                0x0000002d       0x20 ./Core/Src/stm32f0xx_hal_msp.o
 .debug_rnglists
                0x0000004d       0x2b ./Core/Src/stm32f0xx_it.o
 .debug_rnglists
                0x00000078       0x1a ./Core/Src/system_stm32f0xx.o
 .debug_rnglists
                0x00000092       0x19 ./Core/Startup/startup_stm32f072rbtx.o
 .debug_rnglists
                0x000000ab       0x97 ./Drivers/STM32F0xx_HAL_Driver/Src/stm32f0xx_hal.o
 .debug_rnglists
                0x00000142       0x8c ./Drivers/STM32F0xx_HAL_Driver/Src/stm32f0xx_hal_cortex.o
 .debug_rnglists
                0x000001ce       0x3f ./Drivers/STM32F0xx_HAL_Driver/Src/stm32f0xx_hal_gpio.o
 .debug_rnglists
                0x0000020d       0x61 ./Drivers/STM32F0xx_HAL_Driver/Src/stm32f0xx_hal_rcc.o
 .debug_rnglists
                0x0000026e       0x7d ./Drivers/STM32F0xx_HAL_Driver/Src/stm32f0xx_hal_tsc.o
 .debug_rnglists
                0x000002eb       0x13 ./Middlewares/ST/STM32_TouchSensing_Library/src/tsl.o
 .debug_rnglists
                0x000002fe       0x22 ./Middlewares/ST/STM32_TouchSensing_Library/src/tsl_acq.o
 .debug_rnglists
                0x00000320       0x56 ./Middlewares/ST/STM32_TouchSensing_Library/src/tsl_acq_tsc.o
 .debug_rnglists
                0x00000376       0x13 ./Middlewares/ST/STM32_TouchSensing_Library/src/tsl_dxs.o
 .debug_rnglists
                0x00000389       0x22 ./Middlewares/ST/STM32_TouchSensing_Library/src/tsl_ecs.o
 .debug_rnglists
                0x000003ab       0x21 ./Middlewares/ST/STM32_TouchSensing_Library/src/tsl_object.o
 .debug_rnglists
                0x000003cc       0x21 ./Middlewares/ST/STM32_TouchSensing_Library/src/tsl_time.o
 .debug_rnglists
                0x000003ed       0xa7 ./Middlewares/ST/STM32_TouchSensing_Library/src/tsl_touchkey.o
 .debug_rnglists
                0x00000494       0x13 ./TOUCHSENSING/App/touchsensing.o
 .debug_rnglists
                0x000004a7       0x39 ./TOUCHSENSING/App/tsl_user.o

.debug_macro    0x00000000    0x19d36
 .debug_macro   0x00000000      0x262 ./Core/Src/main.o
 .debug_macro   0x00000262      0xaae ./Core/Src/main.o
 .debug_macro   0x00000d10      0x12d ./Core/Src/main.o
 .debug_macro   0x00000e3d       0x2e ./Core/Src/main.o
 .debug_macro   0x00000e6b       0x22 ./Core/Src/main.o
 .debug_macro   0x00000e8d       0x22 ./Core/Src/main.o
 .debug_macro   0x00000eaf       0x8e ./Core/Src/main.o
 .debug_macro   0x00000f3d       0x51 ./Core/Src/main.o
 .debug_macro   0x00000f8e      0x103 ./Core/Src/main.o
 .debug_macro   0x00001091       0x6a ./Core/Src/main.o
 .debug_macro   0x000010fb      0x1df ./Core/Src/main.o
 .debug_macro   0x000012da       0x1c ./Core/Src/main.o
 .debug_macro   0x000012f6       0x22 ./Core/Src/main.o
 .debug_macro   0x00001318       0xaf ./Core/Src/main.o
 .debug_macro   0x000013c7      0x391 ./Core/Src/main.o
 .debug_macro   0x00001758     0xfe73 ./Core/Src/main.o
 .debug_macro   0x000115cb       0x66 ./Core/Src/main.o
 .debug_macro   0x00011631     0x34da ./Core/Src/main.o
 .debug_macro   0x00014b0b      0x190 ./Core/Src/main.o
 .debug_macro   0x00014c9b       0x55 ./Core/Src/main.o
 .debug_macro   0x00014cf0      0x946 ./Core/Src/main.o
 .debug_macro   0x00015636      0x5f3 ./Core/Src/main.o
 .debug_macro   0x00015c29      0x1ae ./Core/Src/main.o
 .debug_macro   0x00015dd7      0x1a7 ./Core/Src/main.o
 .debug_macro   0x00015f7e      0x1a7 ./Core/Src/main.o
 .debug_macro   0x00016125      0x22c ./Core/Src/main.o
 .debug_macro   0x00016351       0x34 ./Core/Src/main.o
 .debug_macro   0x00016385       0x43 ./Core/Src/main.o
 .debug_macro   0x000163c8       0x28 ./Core/Src/main.o
 .debug_macro   0x000163f0       0xb0 ./Core/Src/main.o
 .debug_macro   0x000164a0      0x217 ./Core/Src/main.o
 .debug_macro   0x000166b7      0x22c ./Core/Src/main.o
 .debug_macro   0x000168e3       0x61 ./Core/Src/main.o
 .debug_macro   0x00016944       0xa5 ./Core/Src/main.o
 .debug_macro   0x000169e9       0x4c ./Core/Src/main.o
 .debug_macro   0x00016a35      0x16d ./Core/Src/main.o
 .debug_macro   0x00016ba2      0x3d7 ./Core/Src/main.o
 .debug_macro   0x00016f79      0x130 ./Core/Src/main.o
 .debug_macro   0x000170a9      0x19b ./Core/Src/main.o
 .debug_macro   0x00017244       0x4c ./Core/Src/main.o
 .debug_macro   0x00017290       0x16 ./Core/Src/main.o
 .debug_macro   0x000172a6       0x1c ./Core/Src/main.o
 .debug_macro   0x000172c2       0xd5 ./Core/Src/main.o
 .debug_macro   0x00017397       0x1c ./Core/Src/main.o
 .debug_macro   0x000173b3       0x76 ./Core/Src/main.o
 .debug_macro   0x00017429      0x1ae ./Core/Src/stm32f0xx_hal_msp.o
 .debug_macro   0x000175d7      0x1fb ./Core/Src/stm32f0xx_it.o
 .debug_macro   0x000177d2      0x1a4 ./Core/Src/system_stm32f0xx.o
 .debug_macro   0x00017976      0x1c8 ./Drivers/STM32F0xx_HAL_Driver/Src/stm32f0xx_hal.o
 .debug_macro   0x00017b3e      0x1a4 ./Drivers/STM32F0xx_HAL_Driver/Src/stm32f0xx_hal_cortex.o
 .debug_macro   0x00017ce2      0x1ab ./Drivers/STM32F0xx_HAL_Driver/Src/stm32f0xx_hal_gpio.o
 .debug_macro   0x00017e8d      0x1b6 ./Drivers/STM32F0xx_HAL_Driver/Src/stm32f0xx_hal_rcc.o
 .debug_macro   0x00018043      0x1a5 ./Drivers/STM32F0xx_HAL_Driver/Src/stm32f0xx_hal_tsc.o
 .debug_macro   0x000181e8      0x24f ./Middlewares/ST/STM32_TouchSensing_Library/src/tsl.o
 .debug_macro   0x00018437      0x195 ./Middlewares/ST/STM32_TouchSensing_Library/src/tsl.o
 .debug_macro   0x000185cc      0x231 ./Middlewares/ST/STM32_TouchSensing_Library/src/tsl_acq.o
 .debug_macro   0x000187fd       0x16 ./Middlewares/ST/STM32_TouchSensing_Library/src/tsl_acq.o
 .debug_macro   0x00018813      0x22d ./Middlewares/ST/STM32_TouchSensing_Library/src/tsl_acq_tsc.o
 .debug_macro   0x00018a40      0x26d ./Middlewares/ST/STM32_TouchSensing_Library/src/tsl_dxs.o
 .debug_macro   0x00018cad      0x261 ./Middlewares/ST/STM32_TouchSensing_Library/src/tsl_ecs.o
 .debug_macro   0x00018f0e      0x22d ./Middlewares/ST/STM32_TouchSensing_Library/src/tsl_globals.o
 .debug_macro   0x0001913b      0x231 ./Middlewares/ST/STM32_TouchSensing_Library/src/tsl_object.o
 .debug_macro   0x0001936c      0x231 ./Middlewares/ST/STM32_TouchSensing_Library/src/tsl_time.o
 .debug_macro   0x0001959d      0x2d3 ./Middlewares/ST/STM32_TouchSensing_Library/src/tsl_touchkey.o
 .debug_macro   0x00019870      0x268 ./TOUCHSENSING/App/touchsensing.o
 .debug_macro   0x00019ad8      0x25e ./TOUCHSENSING/App/tsl_user.o

.debug_line     0x00000000     0xc75f
 .debug_line    0x00000000      0x93b ./Core/Src/main.o
 .debug_line    0x0000093b      0x798 ./Core/Src/stm32f0xx_hal_msp.o
 .debug_line    0x000010d3      0x824 ./Core/Src/stm32f0xx_it.o
 .debug_line    0x000018f7      0x79d ./Core/Src/system_stm32f0xx.o
 .debug_line    0x00002094       0x7b ./Core/Startup/startup_stm32f072rbtx.o
 .debug_line    0x0000210f      0x994 ./Drivers/STM32F0xx_HAL_Driver/Src/stm32f0xx_hal.o
 .debug_line    0x00002aa3      0xa3c ./Drivers/STM32F0xx_HAL_Driver/Src/stm32f0xx_hal_cortex.o
 .debug_line    0x000034df      0xb0e ./Drivers/STM32F0xx_HAL_Driver/Src/stm32f0xx_hal_gpio.o
 .debug_line    0x00003fed      0xed9 ./Drivers/STM32F0xx_HAL_Driver/Src/stm32f0xx_hal_rcc.o
 .debug_line    0x00004ec6      0xafd ./Drivers/STM32F0xx_HAL_Driver/Src/stm32f0xx_hal_tsc.o
 .debug_line    0x000059c3      0x86f ./Middlewares/ST/STM32_TouchSensing_Library/src/tsl.o
 .debug_line    0x00006232      0xb22 ./Middlewares/ST/STM32_TouchSensing_Library/src/tsl_acq.o
 .debug_line    0x00006d54      0xa1b ./Middlewares/ST/STM32_TouchSensing_Library/src/tsl_acq_tsc.o
 .debug_line    0x0000776f      0x83b ./Middlewares/ST/STM32_TouchSensing_Library/src/tsl_dxs.o
 .debug_line    0x00007faa      0xa7e ./Middlewares/ST/STM32_TouchSensing_Library/src/tsl_ecs.o
 .debug_line    0x00008a28      0x81d ./Middlewares/ST/STM32_TouchSensing_Library/src/tsl_globals.o
 .debug_line    0x00009245      0x955 ./Middlewares/ST/STM32_TouchSensing_Library/src/tsl_object.o
 .debug_line    0x00009b9a      0x8e4 ./Middlewares/ST/STM32_TouchSensing_Library/src/tsl_time.o
 .debug_line    0x0000a47e     0x110c ./Middlewares/ST/STM32_TouchSensing_Library/src/tsl_touchkey.o
 .debug_line    0x0000b58a      0x857 ./TOUCHSENSING/App/touchsensing.o
 .debug_line    0x0000bde1      0x97e ./TOUCHSENSING/App/tsl_user.o

.debug_str      0x00000000    0x8d6d4
 .debug_str     0x00000000    0x8d6d4 ./Core/Src/main.o
                              0x8af4e (size before relaxing)
 .debug_str     0x0008d6d4    0x89cae ./Core/Src/stm32f0xx_hal_msp.o
 .debug_str     0x0008d6d4    0x8a290 ./Core/Src/stm32f0xx_it.o
 .debug_str     0x0008d6d4    0x899ff ./Core/Src/system_stm32f0xx.o
 .debug_str     0x0008d6d4       0x7e ./Core/Startup/startup_stm32f072rbtx.o
 .debug_str     0x0008d6d4    0x89ff5 ./Drivers/STM32F0xx_HAL_Driver/Src/stm32f0xx_hal.o
 .debug_str     0x0008d6d4    0x89de6 ./Drivers/STM32F0xx_HAL_Driver/Src/stm32f0xx_hal_cortex.o
 .debug_str     0x0008d6d4    0x89ba0 ./Drivers/STM32F0xx_HAL_Driver/Src/stm32f0xx_hal_gpio.o
 .debug_str     0x0008d6d4    0x89e46 ./Drivers/STM32F0xx_HAL_Driver/Src/stm32f0xx_hal_rcc.o
 .debug_str     0x0008d6d4    0x89e0d ./Drivers/STM32F0xx_HAL_Driver/Src/stm32f0xx_hal_tsc.o
 .debug_str     0x0008d6d4    0x8b0ca ./Middlewares/ST/STM32_TouchSensing_Library/src/tsl.o
 .debug_str     0x0008d6d4    0x8b33b ./Middlewares/ST/STM32_TouchSensing_Library/src/tsl_acq.o
 .debug_str     0x0008d6d4    0x8b2eb ./Middlewares/ST/STM32_TouchSensing_Library/src/tsl_acq_tsc.o
 .debug_str     0x0008d6d4    0x8ab1a ./Middlewares/ST/STM32_TouchSensing_Library/src/tsl_dxs.o
 .debug_str     0x0008d6d4    0x8b427 ./Middlewares/ST/STM32_TouchSensing_Library/src/tsl_ecs.o
 .debug_str     0x0008d6d4    0x8b039 ./Middlewares/ST/STM32_TouchSensing_Library/src/tsl_globals.o
 .debug_str     0x0008d6d4    0x8b163 ./Middlewares/ST/STM32_TouchSensing_Library/src/tsl_object.o
 .debug_str     0x0008d6d4    0x8b103 ./Middlewares/ST/STM32_TouchSensing_Library/src/tsl_time.o
 .debug_str     0x0008d6d4    0x8b9db ./Middlewares/ST/STM32_TouchSensing_Library/src/tsl_touchkey.o
 .debug_str     0x0008d6d4    0x8aa4a ./TOUCHSENSING/App/touchsensing.o
 .debug_str     0x0008d6d4    0x8bac9 ./TOUCHSENSING/App/tsl_user.o

.comment        0x00000000       0x43
 .comment       0x00000000       0x43 ./Core/Src/main.o
                                 0x44 (size before relaxing)
 .comment       0x00000043       0x44 ./Core/Src/stm32f0xx_hal_msp.o
 .comment       0x00000043       0x44 ./Core/Src/stm32f0xx_it.o
 .comment       0x00000043       0x44 ./Core/Src/system_stm32f0xx.o
 .comment       0x00000043       0x44 ./Drivers/STM32F0xx_HAL_Driver/Src/stm32f0xx_hal.o
 .comment       0x00000043       0x44 ./Drivers/STM32F0xx_HAL_Driver/Src/stm32f0xx_hal_cortex.o
 .comment       0x00000043       0x44 ./Drivers/STM32F0xx_HAL_Driver/Src/stm32f0xx_hal_gpio.o
 .comment       0x00000043       0x44 ./Drivers/STM32F0xx_HAL_Driver/Src/stm32f0xx_hal_rcc.o
 .comment       0x00000043       0x44 ./Drivers/STM32F0xx_HAL_Driver/Src/stm32f0xx_hal_tsc.o
 .comment       0x00000043       0x44 ./Middlewares/ST/STM32_TouchSensing_Library/src/tsl.o
 .comment       0x00000043       0x44 ./Middlewares/ST/STM32_TouchSensing_Library/src/tsl_acq.o
 .comment       0x00000043       0x44 ./Middlewares/ST/STM32_TouchSensing_Library/src/tsl_acq_tsc.o
 .comment       0x00000043       0x44 ./Middlewares/ST/STM32_TouchSensing_Library/src/tsl_dxs.o
 .comment       0x00000043       0x44 ./Middlewares/ST/STM32_TouchSensing_Library/src/tsl_ecs.o
 .comment       0x00000043       0x44 ./Middlewares/ST/STM32_TouchSensing_Library/src/tsl_globals.o
 .comment       0x00000043       0x44 ./Middlewares/ST/STM32_TouchSensing_Library/src/tsl_object.o
 .comment       0x00000043       0x44 ./Middlewares/ST/STM32_TouchSensing_Library/src/tsl_time.o
 .comment       0x00000043       0x44 ./Middlewares/ST/STM32_TouchSensing_Library/src/tsl_touchkey.o
 .comment       0x00000043       0x44 ./TOUCHSENSING/App/touchsensing.o
 .comment       0x00000043       0x44 ./TOUCHSENSING/App/tsl_user.o

.debug_frame    0x00000000     0x1404
 .debug_frame   0x00000000       0xa4 ./Core/Src/main.o
 .debug_frame   0x000000a4       0x70 ./Core/Src/stm32f0xx_hal_msp.o
 .debug_frame   0x00000114       0x9c ./Core/Src/stm32f0xx_it.o
 .debug_frame   0x000001b0       0x4c ./Core/Src/system_stm32f0xx.o
 .debug_frame   0x000001fc      0x2a4 ./Drivers/STM32F0xx_HAL_Driver/Src/stm32f0xx_hal.o
 .debug_frame   0x000004a0      0x2a0 ./Drivers/STM32F0xx_HAL_Driver/Src/stm32f0xx_hal_cortex.o
 .debug_frame   0x00000740      0x110 ./Drivers/STM32F0xx_HAL_Driver/Src/stm32f0xx_hal_gpio.o
 .debug_frame   0x00000850      0x198 ./Drivers/STM32F0xx_HAL_Driver/Src/stm32f0xx_hal_rcc.o
 .debug_frame   0x000009e8      0x250 ./Drivers/STM32F0xx_HAL_Driver/Src/stm32f0xx_hal_tsc.o
 .debug_frame   0x00000c38       0x30 ./Middlewares/ST/STM32_TouchSensing_Library/src/tsl.o
 .debug_frame   0x00000c68       0x78 ./Middlewares/ST/STM32_TouchSensing_Library/src/tsl_acq.o
 .debug_frame   0x00000ce0      0x184 ./Middlewares/ST/STM32_TouchSensing_Library/src/tsl_acq_tsc.o
 .debug_frame   0x00000e64       0x30 ./Middlewares/ST/STM32_TouchSensing_Library/src/tsl_dxs.o
 .debug_frame   0x00000e94       0x74 ./Middlewares/ST/STM32_TouchSensing_Library/src/tsl_ecs.o
 .debug_frame   0x00000f08       0x70 ./Middlewares/ST/STM32_TouchSensing_Library/src/tsl_object.o
 .debug_frame   0x00000f78       0x6c ./Middlewares/ST/STM32_TouchSensing_Library/src/tsl_time.o
 .debug_frame   0x00000fe4      0x2a8 ./Middlewares/ST/STM32_TouchSensing_Library/src/tsl_touchkey.o
 .debug_frame   0x0000128c       0x2c ./TOUCHSENSING/App/touchsensing.o
 .debug_frame   0x000012b8       0xe0 ./TOUCHSENSING/App/tsl_user.o
 .debug_frame   0x00001398       0x20 C:/ST/STM32CubeIDE_1.17.0/STM32CubeIDE/plugins/com.st.stm32cube.ide.mcu.externaltools.gnu-tools-for-stm32.13.3.rel1.win32_1.0.0.202411081344/tools/bin/../lib/gcc/arm-none-eabi/13.3.1/../../../../arm-none-eabi/lib/thumb/v6-m/nofp\libc_nano.a(libc_a-memset.o)
 .debug_frame   0x000013b8       0x2c C:/ST/STM32CubeIDE_1.17.0/STM32CubeIDE/plugins/com.st.stm32cube.ide.mcu.externaltools.gnu-tools-for-stm32.13.3.rel1.win32_1.0.0.202411081344/tools/bin/../lib/gcc/arm-none-eabi/13.3.1/../../../../arm-none-eabi/lib/thumb/v6-m/nofp\libc_nano.a(libc_a-init.o)
 .debug_frame   0x000013e4       0x20 C:/ST/STM32CubeIDE_1.17.0/STM32CubeIDE/plugins/com.st.stm32cube.ide.mcu.externaltools.gnu-tools-for-stm32.13.3.rel1.win32_1.0.0.202411081344/tools/bin/../lib/gcc/arm-none-eabi/13.3.1/thumb/v6-m/nofp\libgcc.a(_udivsi3.o)

.debug_line_str
                0x00000000       0x62
 .debug_line_str
                0x00000000       0x62 ./Core/Startup/startup_stm32f072rbtx.o
